
> web@0.1.0 build
> next build

▲ Next.js 16.2.12 (Turbopack)

  Creating an optimized production build ...
✓ Compiled successfully in 16.5s
  Running TypeScript ...
  Finished TypeScript in 11.5s ...
  Collecting page data using 11 workers ...
  Generating static pages using 11 workers (0/77) ...
  Generating static pages using 11 workers (19/77) 
  Generating static pages using 11 workers (38/77) 
  Generating static pages using 11 workers (57/77) 
✓ Generating static pages using 11 workers (77/77) in 1635ms
  Finalizing page optimization ...

Route (app)
┌ ○ /
├ ○ /_not-found
├ ○ /admin
├ ○ /admin/analytics
├ ○ /admin/bookings
├ ○ /admin/cms
├ ○ /admin/compliance
├ ○ /admin/content
├ ○ /admin/disputes
├ ○ /admin/finance
├ ○ /admin/kyc
├ ○ /admin/moderation
├ ○ /admin/settings
├ ○ /admin/users
├ ○ /agri
├ ○ /agri/advisory
├ ○ /agri/equipment
├ ● /agri/equipment/[id]
│ └ /agri/equipment/demo
├ ○ /agri/heatmap
├ ○ /agri/mandi
├ ● /agri/mandi/[id]
│ └ /agri/mandi/demo
├ ○ /agri/predictor
├ ○ /agri/rfq
├ ○ /agri/schemes
├ ● /agri/schemes/[id]
│ └ /agri/schemes/demo
├ ○ /agri/shop
├ ○ /agri/shop/group-buy
├ ○ /agri/weather
├ ○ /bookings
├ ● /bookings/[id]
│ └ /bookings/demo
├ ○ /chat
├ ● /chat/[id]
│ └ /chat/demo
├ ○ /education
├ ○ /equipment
├ ○ /equipment/calendar
├ ○ /equipment/listing
├ ○ /equipment/requests
├ ○ /home
├ ○ /livestock
├ ● /livestock/[id]
│ └ /livestock/demo
├ ○ /livestock/market
├ ○ /livestock/milk
├ ○ /livestock/vet
├ ○ /login
├ ○ /login/verify
├ ○ /notifications
├ ○ /onboarding/profile
├ ○ /onboarding/role
├ ○ /provider
├ ○ /provider/earnings
├ ○ /provider/jobs
├ ● /provider/jobs/[id]
│ └ /provider/jobs/demo
├ ● /provider/jobs/[id]/complete
│ └ /provider/jobs/demo/complete
├ ○ /provider/listing
├ ○ /provider/onboarding
├ ○ /provider/requests
├ ○ /reviews
├ ○ /services
├ ● /services/[category]
│ └ /services/demo
├ ● /services/[category]/[providerId]
│ └ /services/demo/1
├ ● /services/book/[id]
│ └ /services/book/demo
├ ○ /settings
├ ○ /shop
├ ○ /shop/inventory
├ ○ /shop/inventory/add
├ ○ /shop/leads
├ ○ /shop/onboarding
├ ○ /shop/orders
├ ● /shop/orders/[id]
│ └ /shop/orders/demo
├ ○ /support
├ ○ /update
├ ○ /village
├ ○ /wallet
├ ○ /wallet/payout
└ ○ /welcome


○  (Static)  prerendered as static content
●  (SSG)     prerendered as static HTML (uses generateStaticParams)

